// Jest Snapshot v1, https://goo.gl/fbAQLP

exports[`<ButtonGroup /> renders ButtonGroup properly 1`] = `
<ul
  class="rf-btns-group rf-btns-group--sm rf-btns-group--center rf-btns-group--inline-md rf-btns-group--equisized"
  data-testid="button-group"
>
  <li>
    <button
      class="rf-btn rf-btn--secondary rf-btn--md"
      title="title"
      type="button"
    >
      secondary sm button
    </button>
  </li>
  <li>
    <button
      class="rf-btn rf-btn--md"
      title="title"
      type="button"
    >
      sm button
    </button>
  </li>
</ul>
`;
