// Jest Snapshot v1, https://goo.gl/fbAQLP

exports[`<Link /> renders correctly 1`] = `
<a
  className="ds-fr--inline"
  data-testid="link"
  href="/page"
  target="_self"
  title="title"
>
  <span>
    test button
    <span
      className="ri-1x icon-right ds-fr--v-middle alert-fill"
    />
  </span>
</a>
`;
