// Jest Snapshot v1, https://goo.gl/fbAQLP

exports[`<SkipLinks /> should renders Tag properly 1`] = `
<div
  class="fr-skiplinks"
  data-testid="skiplinks"
>
  <div
    class="fr-container"
  >
    <ul
      class="fr-skiplinks__list"
    >
      <li
        class=""
        data-testid="skiplinkitem1"
      >
        <a
          class="fr-link"
          href="#"
          target="_self"
        >
          Accéder au contenu
        </a>
      </li>
      <li
        class=""
        data-test-id="skiplinkitem2"
      >
        <a
          class="fr-link"
          href="#"
          target="_self"
        >
          Accéder au menu
        </a>
      </li>
      <li
        class=""
        data-test--id="skiplinkitem3"
      >
        <a
          class="fr-link"
          href="#"
          target="_self"
        >
          Accéder à la recherche
        </a>
      </li>
      <li
        class=""
        data-test="skiplinkitem4"
      >
        <a
          class="fr-link"
          href="#"
          target="_self"
        >
          Accéder au footer
        </a>
      </li>
    </ul>
  </div>
</div>
`;
