// Jest Snapshot v1, https://goo.gl/fbAQLP

exports[`<Tile /> renders correctly 1`] = `
<div
  className="rf-tile rf-tile--horizontal my-class"
>
  <div
    className="rf-tile__body"
  >
    <p
      className="rf-tile__title"
    >
      <a
        className="rf-tile__link"
        href="/path"
        target="linkTarget"
        title="linkTitle"
      >
        title
      </a>
    </p>
    <p
      className="rf-tile__desc"
    >
      description
    </p>
  </div>
  <div
    className="rf-tile__img-wrap"
  >
    <img
      alt=""
      src="/src.png"
      title=""
    />
  </div>
</div>
`;
