// Jest Snapshot v1, https://goo.gl/fbAQLP

exports[`<Table /> renders Table properly 1`] = `
<div
  class="fr-table fr-table--caption-bottom fr-table--bordered"
  data-testid="table"
>
  <table>
    <caption
      data-testid="table-caption"
    >
      Mon super tableau
    </caption>
    <thead>
      <tr>
        <th
          class=""
          scope="col"
        >
          Titre 1
        </th>
        <th
          class=""
          scope="col"
        >
          Titre 2
        </th>
        <th
          class=""
          scope="col"
        >
          Titre 3
        </th>
      </tr>
    </thead>
    <tbody>
      <tr>
        <td>
          Donnée 1 1
        </td>
        <td>
          Donnée 1 2
        </td>
        <td>
          Donnée 1 3
        </td>
      </tr>
      <tr>
        <td>
          Donnée 2 1
        </td>
        <td>
          Donnée 2 2
        </td>
        <td>
          Donnée 2 3
        </td>
      </tr>
      <tr>
        <td>
          Donnée 3 1
        </td>
        <td>
          Donnée 3 2
        </td>
        <td>
          Donnée 3 3
        </td>
      </tr>
      <tr>
        <td>
          Donnée 4 1
        </td>
        <td>
          Donnée 4 2
        </td>
        <td>
          Donnée 4 3
        </td>
      </tr>
    </tbody>
  </table>
</div>
`;

exports[`<Table /> renders simple table properly 1`] = `
<td>
  Mathematics
</td>
`;
