// Jest Snapshot v1, https://goo.gl/fbAQLP

exports[`<Toggle /> renders Toggle properly 1`] = `
<div
  class="rf-toggle rf-toggle--border-bottom rf-toggle--label-left"
  data-testid="toggle"
>
  <input
    checked=""
    class="rf-toggle__input"
    data-testid="toggle-input"
    id="xxxxxxx"
    type="checkbox"
  />
  <label
    class="rf-toggle__label"
    data-rf-checked-label="Activé"
    data-rf-unchecked-label="Désactivé"
    for="xxxxxxx"
  >
    Accepter les cookies
  </label>
  <p
    class="rf-hint-text"
  >
    Activez-moi!
  </p>
</div>
`;
