// Jest Snapshot v1, https://goo.gl/fbAQLP

exports[`<TabButton /> should render TabButton properly 1`] = `
<li
  data-testid="tabbutton"
  role="presentation"
>
  <button
    aria-controls="fr-tabpanel-0"
    aria-selected="true"
    className="fr-tabs__tab"
    id="fr-tab-0"
    onClick={[Function]}
    onKeyDown={[Function]}
    role="tab"
    tabIndex={0}
    type="button"
  >
    Label #1
  </button>
</li>
`;
