// Jest Snapshot v1, https://goo.gl/fbAQLP

exports[`<Tabs /> should render Tabs properly 1`] = `
<div
  className="fr-tabs fr-scheme-soft-blue-soft"
  style={
    Object {
      "height": 500,
    }
  }
>
  <ul
    className="fr-tabs__list"
    role="tablist"
  >
    <li
      aria-controls="fr-tabpanel-0"
      aria-selected="true"
      className=""
      onClick={[Function]}
      onKeyDown={[Function]}
      role="tab"
      tabIndex="0"
    >
      <div
        className="fr-tabs__tab"
      >
        Label1
      </div>
    </li>
    <li
      aria-controls="fr-tabpanel-1"
      aria-selected="false"
      className=""
      onClick={[Function]}
      onKeyDown={[Function]}
      role="tab"
      tabIndex="0"
    >
      <div
        className="fr-tabs__tab"
      >
        Label2
      </div>
    </li>
  </ul>
  <div
    className="fr-tabs__panel fr-tabs__panel--selected"
    id="fr-tabpanel-0"
    role="tabpanel"
    tabIndex="0"
  >
    Tab #1
  </div>
  <div
    className="fr-tabs__panel "
    id="fr-tabpanel-1"
    role="tabpanel"
    tabIndex="0"
  >
    Tab #2
  </div>
</div>
`;
