// Jest Snapshot v1, https://goo.gl/fbAQLP

exports[`<Card /> renders Card properly 1`] = `
<div
  class="fr-card fr-enlarge-link fr-card--sm"
  data-testid="card"
>
  <div
    class="fr-card__body"
  >
    <div
      class="fr-card__content"
    >
      <div
        class="fr-card__start"
        data-testid="carddetail"
      >
        <p
          class="fr-card__detail fr-icon-warning-fill"
        >
          Détail
        </p>
      </div>
      <p
        class="fr-card__title"
        data-testid="cardtitle"
      >
        <a
          class="fr-card__link"
          href="/"
        >
          Qu’est-ce que le Pass Culture et comment l’obtenir ?
        </a>
      </p>
      <p
        class="fr-card__desc"
        data-testid="carddescription"
      >
        Description texte body small regular consectetur adipisicing elit, sed do eiusmod tempor incididunt ut labore et dolore…
      </p>
    </div>
  </div>
  <span
    aria-hidden="false"
    class="ri-xl icon-left ds-fr--v-middle ri-arrow-right-line ds-fr-card-icon"
  />
</div>
`;
