// Jest Snapshot v1, https://goo.gl/fbAQLP

exports[`<Card /> renders Card properly 1`] = `
<div
  class="fr-card"
  data-testid="card"
>
  <div
    class="fr-card__img"
  >
    <img
      alt="alternative"
      src="http://fakeimg.pl/300/"
    />
  </div>
  <div
    class="fr-card__body"
  >
    <p
      class="fr-card__detail"
    >
      Détail
    </p>
    <p
      class="fr-card__title"
    >
      <a
        class="fr-card__link"
        href="/"
      >
        Qu’est-ce que le Pass Culture et comment l’obtenir ?
      </a>
    </p>
    <p
      class="fr-card__desc"
    >
      Description texte body small regular consectetur adipisicing elit, sed do eiusmod tempor incididunt ut labore et dolore…
    </p>
  </div>
</div>
`;
