// Jest Snapshot v1, https://goo.gl/fbAQLP

exports[`<MediaImage /> renders correctly 1`] = `
<figure
  className="fr-content-media fr-content-media--md"
  data-testid="image"
>
  <div
    className="fr-content-media__img"
  >
    <img
      alt=""
      src="https://dummyimage.com/300x170/000/fff.png"
    />
  </div>
  <figcaption
    className="fr-content-media__caption"
  />
</figure>
`;
