// Jest Snapshot v1, https://goo.gl/fbAQLP

exports[`<Checkbox /> renders correctly 1`] = `
<div
  className="fr-checkbox-group"
  data-testid="checkbox"
>
  <input
    disabled={false}
    id="xxxxxxx"
    name="checkbox"
    onChange={[Function]}
    type="checkbox"
    value="value"
  />
  <label
    className="fr-label"
    htmlFor="xxxxxxx"
  >
    Label de la checkbox
  </label>
  
  
</div>
`;
