// Jest Snapshot v1, https://goo.gl/fbAQLP

exports[`<Checkbox /> renders correctly 1`] = `
<div
  className="rf-checkbox-group"
>
  <input
    data-testid="checkbox-testid"
    disabled={false}
    id={null}
    name="checkbox"
    onChange={[Function]}
    type="checkbox"
    value="value"
  />
  <label
    className="rf-label"
    htmlFor={null}
  >
    Label de la checkbox
  </label>
  
  
</div>
`;
