// Jest Snapshot v1, https://goo.gl/fbAQLP

exports[`<Select /> renders correctly 1`] = `
<div
  className="rf-select-group rf-select-group--valid"
>
  <label
    aria-describedby="a1ef86ed-8f28-498d-8207-cd560f92184e"
    className="rf-label"
    htmlFor="9d45fe81-3fb5-467d-919c-de97e2ed465d"
  >
    Label pour liste déroulante
    
  </label>
  <select
    className="rf-select rf-select--valid"
    data-testid="select"
    disabled={false}
    id="9d45fe81-3fb5-467d-919c-de97e2ed465d"
    name={null}
    onChange={[Function]}
    value=""
  >
    <option
      disabled={false}
      hidden={false}
      value="1"
    >
      label-1
    </option>
    <option
      disabled={false}
      hidden={false}
      value="2"
    >
      label-2
    </option>
  </select>
  
</div>
`;
