// Jest Snapshot v1, https://goo.gl/fbAQLP

exports[`<Select /> renders correctly 1`] = `
<div
  className="rf-select-group rf-select-group--valid"
>
  <label
    aria-describedby="90e69fbc-430c-4c5a-8bbf-5ef4bee37ae8"
    className="rf-label"
    htmlFor="a5866ff0-96c5-49ae-9100-fd8fbfa8ccba"
  >
    Label pour liste déroulante
    
  </label>
  <select
    className="rf-select rf-select--valid"
    data-testid="select"
    disabled={false}
    id="a5866ff0-96c5-49ae-9100-fd8fbfa8ccba"
    name={null}
    onChange={[Function]}
    value=""
  >
    <option
      disabled={false}
      hidden={false}
      value="1"
    >
      label-1
    </option>
    <option
      disabled={false}
      hidden={false}
      value="2"
    >
      label-2
    </option>
  </select>
  
</div>
`;
