// Jest Snapshot v1, https://goo.gl/fbAQLP

exports[`<SideMenu /> should render SideMenu properly 1`] = `
<nav
  aria-label="Menu latéral"
  className="fr-sidemenu fr-sidemenu--sticky"
  data-testid="sidemenu"
>
  <div
    className="fr-sidemenu__inner"
  >
    <button
      aria-expanded={false}
      className="fr-sidemenu__btn"
      hidden={false}
      onClick={[Function]}
      type="button"
    >
      Dans cette rubrique
    </button>
    <div
      className="fr-collapse"
      style={
        Object {
          "--collapse": "0px",
          "maxHeight": null,
        }
      }
    >
      <div
        className="fr-sidemenu__title"
      >
        Titre de rubrique
      </div>
      <ul
        className="fr-sidemenu__list"
      >
        <li
          className="fr-sidemenu__item"
          data-testid="sidemenuitem"
        >
          <button
            aria-expanded={false}
            className="fr-sidemenu__btn"
            onClick={[Function]}
            type="button"
          >
            Niveau 1
          </button>
          <div
            className="fr-collapse"
            style={
              Object {
                "--collapse": "0px",
                "maxHeight": null,
              }
            }
          >
            <ul
              className="fr-sidemenu__list"
            >
              <li
                className="fr-sidemenu__item"
                data-test-id="sidemenulink1"
              >
                <a
                  className="fr-sidemenu__link"
                  href="/"
                  onClick={[Function]}
                  target="_self"
                >
                  Accès direct niveau 2
                </a>
              </li>
              <li
                className="fr-sidemenu__item"
                data-test--id="sidemenulink2"
              >
                <a
                  className="fr-sidemenu__link"
                  href="/"
                  onClick={[Function]}
                  target="_self"
                >
                  Accès direct niveau 2
                </a>
              </li>
              <li
                className="fr-sidemenu__item"
                data-test="sidemenuitem2"
              >
                <button
                  aria-expanded={false}
                  className="fr-sidemenu__btn"
                  onClick={[Function]}
                  type="button"
                >
                  Niveau 2
                </button>
                <div
                  className="fr-collapse"
                  style={
                    Object {
                      "--collapse": "0px",
                      "maxHeight": null,
                    }
                  }
                >
                  <ul
                    className="fr-sidemenu__list"
                  >
                    <li
                      className="fr-sidemenu__item"
                      data-test="sidemenulink3"
                    >
                      <a
                        className="fr-sidemenu__link"
                        href="/"
                        onClick={[Function]}
                        target="_self"
                      >
                        Accès direct niveau 3
                      </a>
                    </li>
                    <li
                      className="fr-sidemenu__item"
                      data-testid="sidemenu4"
                    >
                      <a
                        className="fr-sidemenu__link"
                        href="/"
                        onClick={[Function]}
                        target="_self"
                      >
                        Accès direct niveau 3
                      </a>
                    </li>
                    <li
                      className="fr-sidemenu__item"
                    >
                      <a
                        className="fr-sidemenu__link"
                        href="/"
                        onClick={[Function]}
                        target="_self"
                      >
                        Accès direct niveau 3
                      </a>
                    </li>
                    <li
                      className="fr-sidemenu__item"
                    >
                      <a
                        className="fr-sidemenu__link"
                        href="/"
                        onClick={[Function]}
                        target="_self"
                      >
                        Accès direct niveau 3
                      </a>
                    </li>
                    <li
                      className="fr-sidemenu__item"
                    >
                      <a
                        className="fr-sidemenu__link"
                        href="/"
                        onClick={[Function]}
                        target="_self"
                      >
                        Accès direct niveau 3
                      </a>
                    </li>
                    <li
                      className="fr-sidemenu__item"
                    >
                      <a
                        className="fr-sidemenu__link"
                        href="/"
                        onClick={[Function]}
                        target="_self"
                      >
                        Accès direct niveau 3
                      </a>
                    </li>
                  </ul>
                </div>
              </li>
              <li
                className="fr-sidemenu__item"
              >
                <a
                  className="fr-sidemenu__link"
                  href="/"
                  onClick={[Function]}
                  target="_self"
                >
                  Accès direct niveau 2
                </a>
              </li>
              <li
                className="fr-sidemenu__item"
              >
                <a
                  className="fr-sidemenu__link"
                  href="/"
                  onClick={[Function]}
                  target="_self"
                >
                  Accès direct niveau 2
                </a>
              </li>
              <li
                className="fr-sidemenu__item"
              >
                <a
                  className="fr-sidemenu__link"
                  href="/"
                  onClick={[Function]}
                  target="_self"
                >
                  Accès direct niveau 2
                </a>
              </li>
            </ul>
          </div>
        </li>
        <li
          className="fr-sidemenu__item"
        >
          <button
            aria-expanded={false}
            className="fr-sidemenu__btn"
            onClick={[Function]}
            type="button"
          >
            Niveau 1
          </button>
          <div
            className="fr-collapse"
            style={
              Object {
                "--collapse": "0px",
                "maxHeight": null,
              }
            }
          >
            <ul
              className="fr-sidemenu__list"
            >
              <li
                className="fr-sidemenu__item"
              >
                <a
                  className="fr-sidemenu__link"
                  href="/"
                  onClick={[Function]}
                  target="_self"
                >
                  Accès direct niveau 2
                </a>
              </li>
              <li
                className="fr-sidemenu__item"
              >
                <a
                  className="fr-sidemenu__link"
                  href="/"
                  onClick={[Function]}
                  target="_self"
                >
                  Accès direct niveau 2
                </a>
              </li>
              <li
                className="fr-sidemenu__item"
              >
                <button
                  aria-expanded={false}
                  className="fr-sidemenu__btn"
                  onClick={[Function]}
                  type="button"
                >
                  Niveau 2
                </button>
                <div
                  className="fr-collapse"
                  style={
                    Object {
                      "--collapse": "0px",
                      "maxHeight": null,
                    }
                  }
                >
                  <ul
                    className="fr-sidemenu__list"
                  >
                    <li
                      className="fr-sidemenu__item"
                    >
                      <a
                        className="fr-sidemenu__link"
                        href="/"
                        onClick={[Function]}
                        target="_self"
                      >
                        Accès direct niveau 3
                      </a>
                    </li>
                    <li
                      className="fr-sidemenu__item"
                    >
                      <a
                        className="fr-sidemenu__link"
                        href="/"
                        onClick={[Function]}
                        target="_self"
                      >
                        Accès direct niveau 3
                      </a>
                    </li>
                    <li
                      className="fr-sidemenu__item"
                    >
                      <a
                        className="fr-sidemenu__link"
                        href="/"
                        onClick={[Function]}
                        target="_self"
                      >
                        Accès direct niveau 3
                      </a>
                    </li>
                    <li
                      className="fr-sidemenu__item"
                    >
                      <a
                        className="fr-sidemenu__link"
                        href="/"
                        onClick={[Function]}
                        target="_self"
                      >
                        Accès direct niveau 3
                      </a>
                    </li>
                    <li
                      className="fr-sidemenu__item"
                    >
                      <a
                        className="fr-sidemenu__link"
                        href="/"
                        onClick={[Function]}
                        target="_self"
                      >
                        Accès direct niveau 3
                      </a>
                    </li>
                    <li
                      className="fr-sidemenu__item"
                    >
                      <a
                        className="fr-sidemenu__link"
                        href="/"
                        onClick={[Function]}
                        target="_self"
                      >
                        Accès direct niveau 3
                      </a>
                    </li>
                  </ul>
                </div>
              </li>
              <li
                className="fr-sidemenu__item"
              >
                <a
                  className="fr-sidemenu__link"
                  href="/"
                  onClick={[Function]}
                  target="_self"
                >
                  Accès direct niveau 2
                </a>
              </li>
              <li
                className="fr-sidemenu__item"
              >
                <a
                  className="fr-sidemenu__link"
                  href="/"
                  onClick={[Function]}
                  target="_self"
                >
                  Accès direct niveau 2
                </a>
              </li>
              <li
                className="fr-sidemenu__item"
              >
                <a
                  className="fr-sidemenu__link"
                  href="/"
                  onClick={[Function]}
                  target="_self"
                >
                  Accès direct niveau 2
                </a>
              </li>
            </ul>
          </div>
        </li>
      </ul>
    </div>
  </div>
</nav>
`;
