// Jest Snapshot v1, https://goo.gl/fbAQLP

exports[`<SideMenu /> should render SideMenu properly 1`] = `
<nav
  aria-label="Menu latéral"
  class="fr-sidemenu"
  data-testid="sidemenu"
>
  <div
    class="fr-sidemenu__inner"
  >
    <button
      aria-controls="xxxxxxx"
      aria-expanded="false"
      class="fr-sidemenu__btn"
      type="button"
    >
      Dans cette rubrique
    </button>
    <div
      class="fr-collapse"
      id="xxxxxxx"
      style="--collapse: 0px;"
    >
      <div
        class="fr-sidemenu__title"
      >
        Titre de rubrique
      </div>
      <ul
        class="fr-sidemenu__list"
      >
        <li
          class="fr-sidemenu__item"
          data-testid="sidemenuitem"
        >
          <button
            aria-controls="xxxxxxx"
            aria-expanded="false"
            class="fr-sidemenu__btn"
            type="button"
          >
            Niveau 1
          </button>
          <div
            class="fr-collapse"
            data-testid="xxxxxxx"
            id="xxxxxxx"
            style="--collapse: 0px;"
          >
            <ul
              class="fr-sidemenu__list"
            >
              <li
                class="fr-sidemenu__item"
                data-test-id="sidemenulink1"
              >
                <a
                  class="fr-sidemenu__link"
                  href="/"
                  target="_self"
                >
                  Accès direct niveau 2
                </a>
              </li>
              <li
                class="fr-sidemenu__item"
                data-test--id="sidemenulink2"
              >
                <a
                  class="fr-sidemenu__link"
                  href="/"
                  target="_self"
                >
                  Accès direct niveau 2
                </a>
              </li>
              <li
                class="fr-sidemenu__item"
                data-test="sidemenuitem2"
              >
                <button
                  aria-controls="xxxxxxx"
                  aria-expanded="false"
                  class="fr-sidemenu__btn"
                  type="button"
                >
                  Niveau 2
                </button>
                <div
                  class="fr-collapse"
                  data-testid="xxxxxxx"
                  id="xxxxxxx"
                  style="--collapse: 0px;"
                >
                  <ul
                    class="fr-sidemenu__list"
                  >
                    <li
                      class="fr-sidemenu__item"
                      data-test="sidemenulink3"
                    >
                      <a
                        class="fr-sidemenu__link"
                        href="/"
                        target="_self"
                      >
                        Accès direct niveau 3
                      </a>
                    </li>
                    <li
                      class="fr-sidemenu__item"
                      data-testid="sidemenu4"
                    >
                      <a
                        class="fr-sidemenu__link"
                        href="/"
                        target="_self"
                      >
                        Accès direct niveau 3
                      </a>
                    </li>
                    <li
                      class="fr-sidemenu__item"
                    >
                      <a
                        class="fr-sidemenu__link"
                        href="/"
                        target="_self"
                      >
                        Accès direct niveau 3
                      </a>
                    </li>
                    <li
                      class="fr-sidemenu__item"
                    >
                      <a
                        class="fr-sidemenu__link"
                        href="/"
                        target="_self"
                      >
                        Accès direct niveau 3
                      </a>
                    </li>
                    <li
                      class="fr-sidemenu__item"
                    >
                      <a
                        class="fr-sidemenu__link"
                        href="/"
                        target="_self"
                      >
                        Accès direct niveau 3
                      </a>
                    </li>
                    <li
                      class="fr-sidemenu__item"
                    >
                      <a
                        class="fr-sidemenu__link"
                        href="/"
                        target="_self"
                      >
                        Accès direct niveau 3
                      </a>
                    </li>
                  </ul>
                </div>
              </li>
              <li
                class="fr-sidemenu__item"
              >
                <a
                  class="fr-sidemenu__link"
                  href="/"
                  target="_self"
                >
                  Accès direct niveau 2
                </a>
              </li>
              <li
                class="fr-sidemenu__item"
              >
                <a
                  class="fr-sidemenu__link"
                  href="/"
                  target="_self"
                >
                  Accès direct niveau 2
                </a>
              </li>
              <li
                class="fr-sidemenu__item"
              >
                <a
                  class="fr-sidemenu__link"
                  href="/"
                  target="_self"
                >
                  Accès direct niveau 2
                </a>
              </li>
            </ul>
          </div>
        </li>
        <li
          class="fr-sidemenu__item"
        >
          <button
            aria-controls="xxxxxxx"
            aria-expanded="false"
            class="fr-sidemenu__btn"
            type="button"
          >
            Niveau 1
          </button>
          <div
            class="fr-collapse"
            data-testid="xxxxxxx"
            id="xxxxxxx"
            style="--collapse: 0px;"
          >
            <ul
              class="fr-sidemenu__list"
            >
              <li
                class="fr-sidemenu__item"
              >
                <a
                  class="fr-sidemenu__link"
                  href="/"
                  target="_self"
                >
                  Accès direct niveau 2
                </a>
              </li>
              <li
                class="fr-sidemenu__item"
              >
                <a
                  class="fr-sidemenu__link"
                  href="/"
                  target="_self"
                >
                  Accès direct niveau 2
                </a>
              </li>
              <li
                class="fr-sidemenu__item"
              >
                <button
                  aria-controls="xxxxxxx"
                  aria-expanded="false"
                  class="fr-sidemenu__btn"
                  type="button"
                >
                  Niveau 2
                </button>
                <div
                  class="fr-collapse"
                  data-testid="xxxxxxx"
                  id="xxxxxxx"
                  style="--collapse: 0px;"
                >
                  <ul
                    class="fr-sidemenu__list"
                  >
                    <li
                      class="fr-sidemenu__item"
                    >
                      <a
                        class="fr-sidemenu__link"
                        href="/"
                        target="_self"
                      >
                        Accès direct niveau 3
                      </a>
                    </li>
                    <li
                      class="fr-sidemenu__item"
                    >
                      <a
                        class="fr-sidemenu__link"
                        href="/"
                        target="_self"
                      >
                        Accès direct niveau 3
                      </a>
                    </li>
                    <li
                      class="fr-sidemenu__item"
                    >
                      <a
                        class="fr-sidemenu__link"
                        href="/"
                        target="_self"
                      >
                        Accès direct niveau 3
                      </a>
                    </li>
                    <li
                      class="fr-sidemenu__item"
                    >
                      <a
                        class="fr-sidemenu__link"
                        href="/"
                        target="_self"
                      >
                        Accès direct niveau 3
                      </a>
                    </li>
                    <li
                      class="fr-sidemenu__item"
                    >
                      <a
                        class="fr-sidemenu__link"
                        href="/"
                        target="_self"
                      >
                        Accès direct niveau 3
                      </a>
                    </li>
                    <li
                      class="fr-sidemenu__item"
                    >
                      <a
                        class="fr-sidemenu__link"
                        href="/"
                        target="_self"
                      >
                        Accès direct niveau 3
                      </a>
                    </li>
                  </ul>
                </div>
              </li>
              <li
                class="fr-sidemenu__item"
              >
                <a
                  class="fr-sidemenu__link"
                  href="/"
                  target="_self"
                >
                  Accès direct niveau 2
                </a>
              </li>
              <li
                class="fr-sidemenu__item"
              >
                <a
                  class="fr-sidemenu__link"
                  href="/"
                  target="_self"
                >
                  Accès direct niveau 2
                </a>
              </li>
              <li
                class="fr-sidemenu__item"
              >
                <a
                  class="fr-sidemenu__link"
                  href="/"
                  target="_self"
                >
                  Accès direct niveau 2
                </a>
              </li>
            </ul>
          </div>
        </li>
      </ul>
    </div>
  </div>
</nav>
`;
