// Jest Snapshot v1, https://goo.gl/fbAQLP

exports[`<ConsentModal /> should render ConsentModal properly 1`] = `
<dialog
  aria-labelledby="fr-modal-title-modal"
  class="fr-modal fr-modal--opened"
  data-testid="modal"
  id="fr-consent-modal"
>
  <div
    class="fr-container fr-container--fluid fr-container-md"
  >
    <div
      class="fr-grid-row fr-grid-row--center closing-overlay"
    >
      <div
        class="fr-col-12 fr-col-md-6"
      >
        <div
          class="fr-modal__body"
        >
          <div
            class="fr-modal__header"
          >
            <button
              aria-controls="fr-modal"
              class="fr-link--close fr-link"
              title="Close Title"
              type="button"
            >
              Close Label
            </button>
          </div>
          <div
            class="fr-modal__content"
          >
            <h1
              class="fr-modal__title"
              id="fr-modal-title-modal"
            >
              Title Modal Consent
            </h1>
            <div
              class=""
            >
              <ul
                class="fr-consent-manager__buttons fr-btns-group fr-btns-group--right fr-btns-group--inline-sm"
              >
                <li>
                  <button
                    class="fr-btn--md fr-btn"
                    title="Button Title"
                    type="button"
                  >
                    Confirm Label
                  </button>
                </li>
              </ul>
            </div>
          </div>
        </div>
      </div>
    </div>
  </div>
</dialog>
`;
