// Jest Snapshot v1, https://goo.gl/fbAQLP

exports[`<Modal /> should render modal properly 1`] = `
<dialog
  aria-labelledby="fr-modal-title-modal"
  class="fr-modal fr-modal--opened"
  data-testid="modal"
>
  <div
    class="fr-container fr-container--fluid fr-container-md"
  >
    <div
      class="fr-grid-row fr-grid-row--center closing-overlay"
    >
      <div
        class="fr-col-12 fr-col-md-6"
      >
        <div
          class="fr-modal__body"
        >
          <div
            class="fr-modal__header"
          >
            <button
              aria-controls="fr-modal"
              class="fr-link--close fr-link"
              data-testid="modalclose"
              title="Close the modal window"
              type="button"
            >
              Close
            </button>
          </div>
          <div
            class="fr-modal__content"
          >
            <h1
              class="fr-modal__title ds-fr--inline-block"
              data-testid="modaltitle"
              id="fr-modal-title-modal"
            >
              <span>
                <span
                  class="ri-lg icon-left ri-arrow-right-line ds-fr--v-middle"
                />
                I am a title
              </span>
            </h1>
            <div
              class=""
              data-testid="modalcontent"
            >
              blah blah
            </div>
          </div>
          <div
            class="fr-modal__footer"
            data-testid="modalfooter"
          >
            blah
          </div>
        </div>
      </div>
    </div>
  </div>
</dialog>
`;
