// Jest Snapshot v1, https://goo.gl/fbAQLP

exports[`<Modal /> should render modal properly 1`] = `
<dialog
  aria-labelledby="fr-modal-title-modal"
  class="fr-modal fr-modal--opened"
  data-testid="modal"
>
  <div
    class="fr-container--fluid fr-container-md"
  >
    <div
      class="fr-grid-row fr-grid-row--center closing-overlay"
    >
      <div
        class="fr-col-12 fr-col-md-6"
      >
        <div
          class="fr-modal__body"
        >
          <div
            class="fr-modal__header"
          >
            <button
              aria-controls="fr-modal"
              class="fr-link--close fr-link"
              data-testid="modal-close"
              title="Close the modal window"
              type="button"
            >
              Close
            </button>
          </div>
          <div
            class="fr-modal__content"
          >
            <h1
              class="fr-modal__title ds-fr--inline-block"
              id="fr-modal-title-modal"
            >
              <span
                class="ri-lg icon-left ds-fr--v-middle"
              />
              I am a title
            </h1>
            <div
              class=""
            >
              blah blah
            </div>
          </div>
          <div
            class="fr-modal__footer"
          >
            blah
          </div>
        </div>
      </div>
    </div>
  </div>
</dialog>
`;
