// Jest Snapshot v1, https://goo.gl/fbAQLP

exports[`<Button /> renders correctly 1`] = `
<button
  className="fr-btn fr-btn--lg fr-btn--icon fr-fi-alert-fill fr-btn--secondary fr-btn--icon-right"
  disabled={false}
  onClick={[Function]}
  title="title"
  type="button"
>
  <span
    className="sr-only"
  >
    test button
  </span>
</button>
`;
