// Jest Snapshot v1, https://goo.gl/fbAQLP

exports[`<Button /> renders correctly 1`] = `
<button
  className="fr-btn--lg fr-btn fr-btn--secondary"
  data-testid="button"
  disabled={false}
  id="nice-button"
  onClick={[Function]}
  title="title"
  type="button"
>
  <span>
    test button
    <span
      aria-hidden={true}
      className="ri-2x icon-right ds-fr--v-sub ri-alert-fill"
    />
  </span>
</button>
`;
