// Jest Snapshot v1, https://goo.gl/fbAQLP

exports[`<Button /> renders correctly 1`] = `
<button
  className="fr-btn fr-btn--lg fr-btn--secondary"
  data-testid="button"
  disabled={false}
  onClick={[Function]}
  title="title"
  type="button"
>
  test button
  <span
    className="ri-2x icon-right ri-alert-fill"
  />
</button>
`;
