// Jest Snapshot v1, https://goo.gl/fbAQLP

exports[`<Header /> renders correctly 1`] = `
<header
  className="fr-header"
  role="banner"
>
  <div
    className="fr-header__body"
  >
    <div
      className="fr-container"
    >
      <div
        className="fr-header__body-row"
        role="banner"
      >
        <div
          className="fr-header__brand fr-enlarge-link"
        >
          <div
            className="fr-header__brand-top"
          >
            <div
              className="fr-header__logo"
            >
              <a
                className=""
                href="/"
                target="_self"
                title="République française"
              >
                <p
                  className="fr-logo"
                >
                  République
                  <br />
                  française
                  
                </p>
              </a>
            </div>
            <div
              className="fr-header__navbar"
            >
              <button
                aria-label="ouvrir la navigation"
                className="fr-btn--menu fr-btn"
                onClick={[Function]}
                type="button"
              />
            </div>
          </div>
          <div
            className="fr-header__service"
          >
            <a
              className="fr-header__service-title"
              href="/"
              target="_self"
              title="Nom du service"
            >
              Nom du service
            </a>
            <p
              className="fr-header__service-tagline"
            >
              baseline - précisions sur l‘organisation
            </p>
          </div>
        </div>
        <div
          className="fr-header__tools"
        >
          <div
            className="fr-header__tools-links"
          >
            <ul
              className="fr-links-group"
            >
              <li>
                <a
                  className="ds-fr--flex fr-link fr-fi-icon fr-btn--icon-left"
                  href="/path"
                  target="_self"
                >
                  <span
                    className="ri-1x icon-left fr-fi-lock-line"
                  />
                  Se connecter
                </a>
              </li>
              <li>
                <a
                  className="ds-fr--flex fr-link fr-fi-icon fr-btn--icon-left"
                  href="/path"
                  target="_self"
                >
                  <span
                    className="ri-1x icon-left fr-fi-add-circle-line"
                  />
                  Créer un espace
                </a>
              </li>
            </ul>
          </div>
          <div
            className="fr-header__search fr-modal"
          >
            <div
              className="fr-container fr-container-lg--fluid"
            >
              <button
                aria-controls="header-tools-popin"
                className="fr-link--close fr-link"
                onClick={[Function]}
                title="Fermer"
                type="button"
              >
                Fermer
              </button>
            </div>
          </div>
        </div>
      </div>
    </div>
  </div>
  <div
    className="fr-header__menu fr-modal"
  >
    <div
      className="fr-container"
    >
      <button
        aria-label="fermer la navigation"
        className="fr-link--close fr-link"
        onClick={[Function]}
        title="Fermer"
        type="button"
      >
        Fermer
      </button>
      <nav
        aria-label="Menu principal"
        className="fr-nav"
        role="navigation"
      >
        <ul
          className="fr-nav__list"
        >
          <li
            className="fr-nav__item"
          >
            <a
              className="fr-nav__link"
              href="/"
              target="_self"
            >
              Home
            </a>
          </li>
          <li
            className="fr-nav__item"
          >
            <button
              aria-expanded="false"
              aria-label="ouvrir la navigation"
              className="fr-nav__btn"
              onClick={[Function]}
              type="button"
            >
              Resources
            </button>
            <div
              className="fr-menu fr-collapse"
              id="fr-nav-subitem-undefined"
              style={
                Object {
                  "--collapse": "-0pxpx",
                  "maxHeight": null,
                }
              }
            >
              <ul
                className="fr-menu__list"
              >
                <li>
                  <a
                    className="fr-nav__link"
                    href="/path-to-resources-1"
                    target="_self"
                  >
                    Ressource #1
                  </a>
                </li>
                <li>
                  <a
                    className="fr-nav__link"
                    href="/path-to-resources-2"
                    target="_self"
                  >
                    Ressource #2
                  </a>
                </li>
                <li>
                  <a
                    className="fr-nav__link"
                    href="/path-to-resources-3"
                    target="_self"
                  >
                    Ressource #3
                  </a>
                </li>
              </ul>
            </div>
          </li>
        </ul>
      </nav>
    </div>
  </div>
</header>
`;
