// Jest Snapshot v1, https://goo.gl/fbAQLP

exports[`<Service /> renders correctly 1`] = `
<div
  className="fr-header__service"
>
  <a
    className="fr-header__service-title fr-link--md"
    href="/"
    target="_self"
    title="Accueil"
  >
    <p>
      title
    </p>
  </a>
  <p
    className="fr-header__service-tagline"
  >
    description service
  </p>
</div>
`;
