// Jest Snapshot v1, https://goo.gl/fbAQLP

exports[`<Select /> renders Select properly 1`] = `
<select
  class="rf-select"
  data-testid="select"
  id="591585d9-723a-4aac-a097-439192fb9aa8"
>
  <option
    value="1"
  >
    label-1
  </option>
  <option
    value="2"
  >
    label-2
  </option>
</select>
`;
